w_DBP32_fa.da1
w_DBP51_fa.da1
w_DBP20_fa.da1
w_DBP43_fa.da1
w_DBP16_fa.da1
w_DBP08_fa.da1
w_DBP75_fa.da1
w_DBP04_fa.da1
w_DBP79_fa.da1
w_DBP67_fa.da1
w_DBP41_fa.da1
w_DBP22_fa.da1
w_DBP53_fa.da1
w_DBP30_fa.da1
w_DBP18_fa.da1
w_DBP65_fa.da1
w_DBP06_fa.da1
w_DBP77_fa.da1
w_DBP14_fa.da1
w_DBP69_fa.da1
w_DBP80_fa.da1
w_DBP73_fa.da1
w_DBP10_fa.da1
w_DBP61_fa.da1
w_DBP02_fa.da1
w_DBP57_fa.da1
w_DBP49_fa.da1
w_DBP34_fa.da1
w_DBP45_fa.da1
w_DBP38_fa.da1
w_DBP26_fa.da1
w_DBP63_fa.da1
w_DBP12_fa.da1
w_DBP71_fa.da1
w_DBP59_fa.da1
w_DBP47_fa.da1
w_DBP36_fa.da1
w_DBP55_fa.da1
w_DBP28_fa.da1
w_DBP82_fa.da1
w_DBP74_fa.da1
w_DBP09_fa.da1
w_DBP17_fa.da1
w_DBP66_fa.da1
w_DBP78_fa.da1
w_DBP05_fa.da1
w_DBP50_fa.da1
w_DBP33_fa.da1
w_DBP42_fa.da1
w_DBP21_fa.da1
w_DBP07_fa.da1
w_DBP64_fa.da1
w_DBP19_fa.da1
w_DBP68_fa.da1
w_DBP15_fa.da1
w_DBP76_fa.da1
w_DBP23_fa.da1
w_DBP40_fa.da1
w_DBP31_fa.da1
w_DBP48_fa.da1
w_DBP56_fa.da1
w_DBP39_fa.da1
w_DBP44_fa.da1
w_DBP11_fa.da1
w_DBP72_fa.da1
w_DBP03_fa.da1
w_DBP60_fa.da1
w_DBP81_fa.da1
w_DBP83_fa.da1
w_DBP46_fa.da1
w_DBP25_fa.da1
w_DBP58_fa.da1
w_DBP29_fa.da1
w_DBP54_fa.da1
w_DBP37_fa.da1
w_DBP62_fa.da1
w_DBP01_fa.da1
w_DBP70_fa.da1
w_DBP13_fa.da1
